// Jest Snapshot v1, https://goo.gl/fbAQLP

exports[`renders correctly 1`] = `
<RCTSafeAreaView
  emulateUnlessSupported={true}
>
  <View
    style={
      Object {
        "alignItems": "center",
        "height": "100%",
        "justifyContent": "center",
      }
    }
  >
    <Text
      style={
        Object {
          "color": "violet",
        }
      }
    >
      Hello Mom!
    </Text>
  </View>
</RCTSafeAreaView>
`;
