// Jest Snapshot v1, https://goo.gl/fbAQLP

exports[`renders correctly 1`] = `
<View
  style={
    Object {
      "alignItems": "center",
      "height": "100%",
      "justifyContent": "center",
    }
  }
>
  <View
    style={
      Object {
        "alignItems": "center",
        "borderBottomWidth": 1,
        "borderColor": "#2E6933",
        "height": 80,
        "justifyContent": "center",
        "width": "100%",
      }
    }
  >
    <Image
      source={
        Object {
          "testUri": "../../../assets/ISA-logo.png",
        }
      }
      style={
        Object {
          "height": "100%",
          "resizeMode": "contain",
          "width": "10%",
        }
      }
    />
  </View>
  <RCTScrollView
    data={
      Array [
        Object {
          "address": "Full address of Vendor",
          "description": "Description of discounts e.g., 15$ off menu items for dine-in and take-out",
          "id": 1,
          "vendorName": "Vendor's Full Name",
        },
        Object {
          "address": "Full address of Vendor",
          "description": "Description of discounts e.g., 15$ off menu items for dine-in and take-out",
          "id": 2,
          "vendorName": "Vendor's Full Name",
        },
        Object {
          "address": "Full address of Vendor",
          "description": "Description of discounts e.g., 15$ off menu items for dine-in and take-out",
          "id": 3,
          "vendorName": "Vendor's Full Name",
        },
        Object {
          "address": "Full address of Vendor",
          "description": "Description of discounts e.g., 15$ off menu items for dine-in and take-out",
          "id": 4,
          "vendorName": "Vendor's Full Name",
        },
        Object {
          "address": "Full address of Vendor",
          "description": "Description of discounts e.g., 15$ off menu items for dine-in and take-out",
          "id": 5,
          "vendorName": "Vendor's Full Name",
        },
        Object {
          "address": "Full address of Vendor",
          "description": "Description of discounts e.g., 15$ off menu items for dine-in and take-out",
          "id": 6,
          "vendorName": "Vendor's Full Name",
        },
      ]
    }
    getItem={[Function]}
    getItemCount={[Function]}
    keyExtractor={[Function]}
    onContentSizeChange={[Function]}
    onLayout={[Function]}
    onMomentumScrollBegin={[Function]}
    onMomentumScrollEnd={[Function]}
    onScroll={[Function]}
    onScrollBeginDrag={[Function]}
    onScrollEndDrag={[Function]}
    removeClippedSubviews={false}
    renderItem={[Function]}
    scrollEventThrottle={50}
    stickyHeaderIndices={Array []}
    style={
      Object {
        "paddingHorizontal": 20,
        "paddingVertical": 30,
      }
    }
    viewabilityConfigCallbackPairs={Array []}
  >
    <View>
      <View
        onLayout={[Function]}
        style={null}
      >
        <View
          style={
            Object {
              "borderColor": "#2E6933",
              "borderRadius": 10,
              "borderWidth": 1,
              "marginVertical": 12,
              "paddingHorizontal": 16,
              "paddingVertical": 10,
            }
          }
        >
          <Text
            style={
              Array [
                Object {
                  "color": "black",
                },
                Object {
                  "fontSize": 20,
                  "fontWeight": "bold",
                },
              ]
            }
          >
            Vendor's Full Name
          </Text>
          <Text
            style={
              Array [
                Object {
                  "color": "black",
                },
              ]
            }
          >
            Full address of Vendor
          </Text>
          <Text
            style={
              Array [
                Object {
                  "color": "black",
                },
                Object {
                  "paddingTop": 10,
                },
              ]
            }
          >
            Description of discounts e.g., 15$ off menu items for dine-in and take-out
          </Text>
        </View>
      </View>
      <View
        onLayout={[Function]}
        style={null}
      >
        <View
          style={
            Object {
              "borderColor": "#2E6933",
              "borderRadius": 10,
              "borderWidth": 1,
              "marginVertical": 12,
              "paddingHorizontal": 16,
              "paddingVertical": 10,
            }
          }
        >
          <Text
            style={
              Array [
                Object {
                  "color": "black",
                },
                Object {
                  "fontSize": 20,
                  "fontWeight": "bold",
                },
              ]
            }
          >
            Vendor's Full Name
          </Text>
          <Text
            style={
              Array [
                Object {
                  "color": "black",
                },
              ]
            }
          >
            Full address of Vendor
          </Text>
          <Text
            style={
              Array [
                Object {
                  "color": "black",
                },
                Object {
                  "paddingTop": 10,
                },
              ]
            }
          >
            Description of discounts e.g., 15$ off menu items for dine-in and take-out
          </Text>
        </View>
      </View>
      <View
        onLayout={[Function]}
        style={null}
      >
        <View
          style={
            Object {
              "borderColor": "#2E6933",
              "borderRadius": 10,
              "borderWidth": 1,
              "marginVertical": 12,
              "paddingHorizontal": 16,
              "paddingVertical": 10,
            }
          }
        >
          <Text
            style={
              Array [
                Object {
                  "color": "black",
                },
                Object {
                  "fontSize": 20,
                  "fontWeight": "bold",
                },
              ]
            }
          >
            Vendor's Full Name
          </Text>
          <Text
            style={
              Array [
                Object {
                  "color": "black",
                },
              ]
            }
          >
            Full address of Vendor
          </Text>
          <Text
            style={
              Array [
                Object {
                  "color": "black",
                },
                Object {
                  "paddingTop": 10,
                },
              ]
            }
          >
            Description of discounts e.g., 15$ off menu items for dine-in and take-out
          </Text>
        </View>
      </View>
      <View
        onLayout={[Function]}
        style={null}
      >
        <View
          style={
            Object {
              "borderColor": "#2E6933",
              "borderRadius": 10,
              "borderWidth": 1,
              "marginVertical": 12,
              "paddingHorizontal": 16,
              "paddingVertical": 10,
            }
          }
        >
          <Text
            style={
              Array [
                Object {
                  "color": "black",
                },
                Object {
                  "fontSize": 20,
                  "fontWeight": "bold",
                },
              ]
            }
          >
            Vendor's Full Name
          </Text>
          <Text
            style={
              Array [
                Object {
                  "color": "black",
                },
              ]
            }
          >
            Full address of Vendor
          </Text>
          <Text
            style={
              Array [
                Object {
                  "color": "black",
                },
                Object {
                  "paddingTop": 10,
                },
              ]
            }
          >
            Description of discounts e.g., 15$ off menu items for dine-in and take-out
          </Text>
        </View>
      </View>
      <View
        onLayout={[Function]}
        style={null}
      >
        <View
          style={
            Object {
              "borderColor": "#2E6933",
              "borderRadius": 10,
              "borderWidth": 1,
              "marginVertical": 12,
              "paddingHorizontal": 16,
              "paddingVertical": 10,
            }
          }
        >
          <Text
            style={
              Array [
                Object {
                  "color": "black",
                },
                Object {
                  "fontSize": 20,
                  "fontWeight": "bold",
                },
              ]
            }
          >
            Vendor's Full Name
          </Text>
          <Text
            style={
              Array [
                Object {
                  "color": "black",
                },
              ]
            }
          >
            Full address of Vendor
          </Text>
          <Text
            style={
              Array [
                Object {
                  "color": "black",
                },
                Object {
                  "paddingTop": 10,
                },
              ]
            }
          >
            Description of discounts e.g., 15$ off menu items for dine-in and take-out
          </Text>
        </View>
      </View>
      <View
        onLayout={[Function]}
        style={null}
      >
        <View
          style={
            Object {
              "borderColor": "#2E6933",
              "borderRadius": 10,
              "borderWidth": 1,
              "marginVertical": 12,
              "paddingHorizontal": 16,
              "paddingVertical": 10,
            }
          }
        >
          <Text
            style={
              Array [
                Object {
                  "color": "black",
                },
                Object {
                  "fontSize": 20,
                  "fontWeight": "bold",
                },
              ]
            }
          >
            Vendor's Full Name
          </Text>
          <Text
            style={
              Array [
                Object {
                  "color": "black",
                },
              ]
            }
          >
            Full address of Vendor
          </Text>
          <Text
            style={
              Array [
                Object {
                  "color": "black",
                },
                Object {
                  "paddingTop": 10,
                },
              ]
            }
          >
            Description of discounts e.g., 15$ off menu items for dine-in and take-out
          </Text>
        </View>
      </View>
    </View>
  </RCTScrollView>
</View>
`;
